// Jest Snapshot v1, https://goo.gl/fbAQLP

exports[`Checkbox should render the Checkbox Component correctly 1`] = `
<div>
  <label>
    <input
      type="checkbox"
    />
  </label>
</div>
`;
